2026-05-01 09:11:29,414 - INFO - DOMANDA: python test_chatbot.py
2026-05-01 09:11:29,415 - INFO - NORMALIZZATA: python test_chatbot py
2026-05-01 09:11:29,418 - INFO - RISPOSTA TROVATA: python cos'è python caratteristiche python - Punteggio: 0.54
2026-05-01 09:11:53,660 - INFO - DOMANDA: differenza tra c e c++
2026-05-01 09:11:53,661 - INFO - NORMALIZZATA: differt tra c e c
2026-05-01 09:11:53,663 - INFO - DOMANDA NON PERTINENTE - Punteggio: 0.6545454545454545
2026-05-01 09:12:07,822 - INFO - DOMANDA: differenza C e C++
2026-05-01 09:12:07,822 - INFO - NORMALIZZATA: differt c e c
2026-05-01 09:12:07,829 - INFO - DOMANDA NON PERTINENTE - Punteggio: 0.6399999999999999
2026-05-01 09:12:31,508 - INFO - DOMANDA: Ciao
2026-05-01 09:12:31,508 - INFO - NORMALIZZATA: cia
2026-05-01 09:12:31,510 - INFO - DOMANDA NON PERTINENTE - Punteggio: 0.23
2026-05-01 09:12:31,510 - INFO - DOMANDA: Cos'è Python?
2026-05-01 09:12:31,510 - INFO - NORMALIZZATA: cos è python
2026-05-01 09:12:31,512 - INFO - RISPOSTA TROVATA: python cos'è python caratteristiche python - Punteggio: 0.84
2026-05-01 09:12:31,512 - INFO - DOMANDA: Che cos'è Java?
2026-05-01 09:12:31,512 - INFO - NORMALIZZATA: che cos è jav
2026-05-01 09:12:31,514 - INFO - DOMANDA NON PERTINENTE - Punteggio: 0.6404761904761904
2026-05-01 09:12:31,515 - INFO - DOMANDA: Differenza tra C e C++
2026-05-01 09:12:31,515 - INFO - NORMALIZZATA: differt tra c e c
2026-05-01 09:12:31,516 - INFO - DOMANDA NON PERTINENTE - Punteggio: 0.6545454545454545
2026-05-01 09:12:31,517 - INFO - DOMANDA: Quale linguaggio devo studiare?
2026-05-01 09:12:31,517 - INFO - NORMALIZZATA: qual linguagg dev stud
2026-05-01 09:12:31,518 - INFO - RISPOSTA TROVATA: c linguaggio c caratteristiche c - Punteggio: 0.42
2026-05-01 09:12:31,519 - INFO - DOMANDA: Quanto tempo serve per imparare?
2026-05-01 09:12:31,519 - INFO - NORMALIZZATA: quant temp serv per impar
2026-05-01 09:12:31,520 - INFO - RISPOSTA TROVATA: quanto tempo per imparare a programmare tempi appr - Punteggio: 0.57
2026-05-01 09:12:31,521 - INFO - DOMANDA: Che tempo fa oggi?
2026-05-01 09:12:31,521 - INFO - NORMALIZZATA: che temp fa oggi
2026-05-01 09:12:31,524 - INFO - DOMANDA NON PERTINENTE - Punteggio: 0.21904761904761905
2026-05-01 09:12:31,525 - INFO - DOMANDA: Come si fa la pizza?
2026-05-01 09:12:31,525 - INFO - NORMALIZZATA: com si fa la pizz
2026-05-01 09:12:31,527 - INFO - DOMANDA NON PERTINENTE - Punteggio: 0.21411764705882352
2026-05-01 09:12:31,528 - INFO - DOMANDA: Python non è un linguaggio?
2026-05-01 09:12:31,528 - INFO - NORMALIZZATA: python non è un linguagg
2026-05-01 09:12:31,528 - WARNING - NEGAZIONE RILEVATA in: Python non è un linguaggio?
2026-05-01 09:12:31,528 - INFO - DOMANDA: aiuto
2026-05-01 09:12:31,528 - INFO - NORMALIZZATA: aiut
2026-05-01 09:14:04,550 - INFO - DOMANDA: test end
2026-05-01 09:14:04,550 - INFO - NORMALIZZATA: test end
2026-05-01 09:14:04,552 - INFO - DOMANDA NON PERTINENTE - Punteggio: 0.20980392156862746
2026-05-01 09:14:08,119 - INFO - DOMANDA: cls
2026-05-01 09:14:08,119 - INFO - NORMALIZZATA: cls
2026-05-01 09:14:08,121 - INFO - DOMANDA NON PERTINENTE - Punteggio: 0
